A representation of a person, company, organization, or place

## Properties

| Property     | Type                    | Required | Constraints | Description |
|--------------|-------------------------|----------|-------------|-------------|
| `fruits`     | string[]                | No       |             |             |
| `vegetables` | [object](#vegetables)[] | No       |             |             |

## vegetables

### Properties

| Property     | Type    | Required | Constraints | Description                |
|--------------|---------|----------|-------------|----------------------------|
| `veggieLike` | boolean | **Yes**  |             | Do I like this vegetable?  |
| `veggieName` | string  | **Yes**  |             | The name of the vegetable. |



